<?xml version="1.0" encoding="UTF-8"?>
<TestRun id="a0853e43-836a-4f60-b360-19d523142215" name="Admin@PUTERI 2017-09-21 12:28:18" runUser="PUTERI\Admin" xmlns="http://microsoft.com/schemas/VisualStudio/TeamTest/2006">
  <TestRunConfiguration name="Local Test Run" id="cc7ebe10-f89e-45ca-8302-5c9f9cbb4cf7">
    <Description>This is a default test run configuration for a local test run.</Description>
    <Deployment runDeploymentRoot="C:\Users\Admin\Documents\Visual Studio 2008\Projects\DB_Test\TestResults\Admin_PUTERI 2017-09-21 12_28_18">
      <DeploymentItem filename="C:\Users\Admin\Documents\Visual Studio 2008\Projects\DB_Test\DB_Test\bin\Debug\DB_Test.exe" />
    </Deployment>
    <TestTypeSpecific />
  </TestRunConfiguration>
  <ResultSummary outcome="Completed">
    <Counters total="1" executed="1" passed="1" error="0" failed="0" timeout="0" aborted="0" inconclusive="0" passedButRunAborted="0" notRunnable="0" notExecuted="0" disconnected="0" warning="0" completed="0" inProgress="0" pending="0" />
  </ResultSummary>
  <Times creation="2017-09-21T12:28:18.2853723+08:00" queuing="2017-09-21T12:28:18.7897370+08:00" start="2017-09-21T12:28:19.0659380+08:00" finish="2017-09-21T12:28:19.3061132+08:00" />
  <TestDefinitions>
    <UnitTest name="TestMethod1" storage="c:\users\admin\documents\visual studio 2008\projects\db_test\db_test_\bin\debug\db_test_.dll" id="39eaf861-61c2-63e0-2c88-1bea7103d459">
      <Css projectStructure="" iteration="" />
      <Owners>
        <Owner name="" />
      </Owners>
      <Execution id="44ee6d3d-94d6-4aee-9bd8-f0fef6297b7c" />
      <TestMethod codeBase="C:\Users\Admin\Documents\Visual Studio 2008\Projects\DB_Test\DB_Test_\bin\Debug\DB_Test_.dll" adapterTypeName="Microsoft.VisualStudio.TestTools.TestTypes.Unit.UnitTestAdapter, Microsoft.VisualStudio.QualityTools.Tips.UnitTest.Adapter, Version=9.0.0.0, Culture=neutral, PublicKeyToken=b03f5f7f11d50a3a" className="DB_Test_.UnitTest1, DB_Test_" name="TestMethod1" />
    </UnitTest>
  </TestDefinitions>
  <TestLists>
    <TestList name="Results Not in a List" id="8c84fa94-04c1-424b-9868-57a2d4851a1d" />
    <TestList name="All Loaded Results" id="19431567-8539-422a-85d7-44ee4e166bda" />
  </TestLists>
  <TestEntries>
    <TestEntry testId="39eaf861-61c2-63e0-2c88-1bea7103d459" executionId="44ee6d3d-94d6-4aee-9bd8-f0fef6297b7c" testListId="8c84fa94-04c1-424b-9868-57a2d4851a1d" />
  </TestEntries>
  <Results>
    <UnitTestResult executionId="44ee6d3d-94d6-4aee-9bd8-f0fef6297b7c" testId="39eaf861-61c2-63e0-2c88-1bea7103d459" testName="TestMethod1" computerName="PUTERI" duration="00:00:00.0077264" startTime="2017-09-21T12:28:19.1209780+08:00" endTime="2017-09-21T12:28:19.2675843+08:00" testType="13cdc9d9-ddb5-4fa4-a97d-d965ccfc6d4b" outcome="Passed" testListId="8c84fa94-04c1-424b-9868-57a2d4851a1d">
      <Output>
      </Output>
    </UnitTestResult>
  </Results>
</TestRun>